Archive member included because of file (symbol)

c:/winavr/bin/../lib/gcc/avr/4.3.2/avr5\libgcc.a(_exit.o)
                              c:/winavr/bin/../lib/gcc/avr/4.3.2/../../../../avr/lib/avr5/crtm16.o (exit)
c:/winavr/bin/../lib/gcc/avr/4.3.2/avr5\libgcc.a(_copy_data.o)
                              IIC_ultimate.o (__do_copy_data)
c:/winavr/bin/../lib/gcc/avr/4.3.2/avr5\libgcc.a(_clear_bss.o)
                              GCC-RTOS.o (__do_clear_bss)

Allocating common symbols
Common symbol       size              file

i2c_index           0x1               IIC_ultimate.o
i2c_Buffer          0x3               IIC_ultimate.o
i2c_SlaveAddress    0x1               IIC_ultimate.o
i2c_OutBuff         0x1               IIC_ultimate.o
i2c_PageAddrCount   0x1               IIC_ultimate.o
i2c_PageAddress     0x2               IIC_ultimate.o
i2c_PageAddrIndex   0x1               IIC_ultimate.o
i2c_ByteCount       0x1               IIC_ultimate.o
UART_RX             0x1               GCC-RTOS.o
i2c_SlaveIndex      0x1               IIC_ultimate.o
i2c_InBuff          0x1               IIC_ultimate.o
i2c_Do              0x1               IIC_ultimate.o

Memory Configuration

Name             Origin             Length             Attributes
text             0x00000000         0x00020000         xr
data             0x00800060         0x0000ffa0         rw !x
eeprom           0x00810000         0x00010000         rw !x
fuse             0x00820000         0x00000400         rw !x
lock             0x00830000         0x00000400         rw !x
signature        0x00840000         0x00000400         rw !x
*default*        0x00000000         0xffffffff

Linker script and memory map

LOAD c:/winavr/bin/../lib/gcc/avr/4.3.2/../../../../avr/lib/avr5/crtm16.o
LOAD GCC-RTOS.o
LOAD EERTOS.o
LOAD HAL.o
LOAD EERTOSHAL.o
LOAD IIC_ultimate.o
LOAD i2c_AT24C_EEP.o
LOAD c:/winavr/bin/../lib/gcc/avr/4.3.2/avr5\libgcc.a
LOAD c:/winavr/bin/../lib/gcc/avr/4.3.2/../../../../avr/lib/avr5\libc.a
LOAD c:/winavr/bin/../lib/gcc/avr/4.3.2/avr5\libgcc.a

.hash
 *(.hash)

.dynsym
 *(.dynsym)

.dynstr
 *(.dynstr)

.gnu.version
 *(.gnu.version)

.gnu.version_d
 *(.gnu.version_d)

.gnu.version_r
 *(.gnu.version_r)

.rel.init
 *(.rel.init)

.rela.init
 *(.rela.init)

.rel.text
 *(.rel.text)
 *(.rel.text.*)
 *(.rel.gnu.linkonce.t*)

.rela.text
 *(.rela.text)
 *(.rela.text.*)
 *(.rela.gnu.linkonce.t*)

.rel.fini
 *(.rel.fini)

.rela.fini
 *(.rela.fini)

.rel.rodata
 *(.rel.rodata)
 *(.rel.rodata.*)
 *(.rel.gnu.linkonce.r*)

.rela.rodata
 *(.rela.rodata)
 *(.rela.rodata.*)
 *(.rela.gnu.linkonce.r*)

.rel.data
 *(.rel.data)
 *(.rel.data.*)
 *(.rel.gnu.linkonce.d*)

.rela.data
 *(.rela.data)
 *(.rela.data.*)
 *(.rela.gnu.linkonce.d*)

.rel.ctors
 *(.rel.ctors)

.rela.ctors
 *(.rela.ctors)

.rel.dtors
 *(.rel.dtors)

.rela.dtors
 *(.rela.dtors)

.rel.got
 *(.rel.got)

.rela.got
 *(.rela.got)

.rel.bss
 *(.rel.bss)

.rela.bss
 *(.rela.bss)

.rel.plt
 *(.rel.plt)

.rela.plt
 *(.rela.plt)

.text           0x00000000      0x7f0
 *(.vectors)
 .vectors       0x00000000       0x54 c:/winavr/bin/../lib/gcc/avr/4.3.2/../../../../avr/lib/avr5/crtm16.o
                0x00000000                __vectors
                0x00000000                __vector_default
 *(.vectors)
 *(.progmem.gcc*)
 *(.progmem*)
                0x00000054                . = ALIGN (0x2)
                0x00000054                __trampolines_start = .
 *(.trampolines)
 .trampolines   0x00000054        0x0 linker stubs
 *(.trampolines*)
                0x00000054                __trampolines_end = .
 *(.jumptables)
 *(.jumptables*)
 *(.lowtext)
 *(.lowtext*)
                0x00000054                __ctors_start = .
 *(.ctors)
                0x00000054                __ctors_end = .
                0x00000054                __dtors_start = .
 *(.dtors)
                0x00000054                __dtors_end = .
 SORT(*)(.ctors)
 SORT(*)(.dtors)
 *(.init0)
 .init0         0x00000054        0x0 c:/winavr/bin/../lib/gcc/avr/4.3.2/../../../../avr/lib/avr5/crtm16.o
                0x00000054                __init
 *(.init0)
 *(.init1)
 *(.init1)
 *(.init2)
 .init2         0x00000054        0xc c:/winavr/bin/../lib/gcc/avr/4.3.2/../../../../avr/lib/avr5/crtm16.o
 *(.init2)
 *(.init3)
 *(.init3)
 *(.init4)
 .init4         0x00000060       0x16 c:/winavr/bin/../lib/gcc/avr/4.3.2/avr5\libgcc.a(_copy_data.o)
                0x00000060                __do_copy_data
 .init4         0x00000076       0x10 c:/winavr/bin/../lib/gcc/avr/4.3.2/avr5\libgcc.a(_clear_bss.o)
                0x00000076                __do_clear_bss
 *(.init4)
 *(.init5)
 *(.init5)
 *(.init6)
 *(.init6)
 *(.init7)
 *(.init7)
 *(.init8)
 *(.init8)
 *(.init9)
 .init9         0x00000086        0x8 c:/winavr/bin/../lib/gcc/avr/4.3.2/../../../../avr/lib/avr5/crtm16.o
 *(.init9)
 *(.text)
 .text          0x0000008e        0x4 c:/winavr/bin/../lib/gcc/avr/4.3.2/../../../../avr/lib/avr5/crtm16.o
                0x0000008e                __vector_1
                0x0000008e                __vector_12
                0x0000008e                __bad_interrupt
                0x0000008e                __vector_6
                0x0000008e                __vector_13
                0x0000008e                __vector_19
                0x0000008e                __vector_7
                0x0000008e                __vector_5
                0x0000008e                __vector_4
                0x0000008e                __vector_9
                0x0000008e                __vector_2
                0x0000008e                __vector_15
                0x0000008e                __vector_8
                0x0000008e                __vector_14
                0x0000008e                __vector_10
                0x0000008e                __vector_16
                0x0000008e                __vector_18
                0x0000008e                __vector_20
 .text          0x00000092      0x188 GCC-RTOS.o
                0x000000cc                SendedAddrToSlave
                0x000001ae                StartWrite2EPP
                0x000001d2                __vector_3
                0x00000136                Writed2EEP
                0x0000015c                __vector_11
                0x00000092                SlaveControl
                0x000000e8                SendAddrToSlave
                0x000000a4                main
 .text          0x0000021a      0x188 EERTOS.o
                0x0000021a                InitRTOS
                0x0000024c                SetTask
                0x0000024a                Idle
                0x00000356                TimerService
                0x0000031c                TaskManager
                0x00000296                SetTimerTask
 .text          0x000003a2       0x18 HAL.o
                0x000003a2                InitAll
 .text          0x000003ba       0x14 EERTOSHAL.o
                0x000003ba                RunRTOS
 .text          0x000003ce      0x38e IIC_ultimate.o
                0x00000734                Init_i2c
                0x000003ce                __vector_17
                0x0000074a                Init_Slave_i2c
                0x00000732                DoNothing
 .text          0x0000075c       0x90 i2c_AT24C_EEP.o
                0x000007a2                i2c_eep_ReadByte
                0x0000075c                i2c_eep_WriteByte
 .text          0x000007ec        0x0 c:/winavr/bin/../lib/gcc/avr/4.3.2/avr5\libgcc.a(_exit.o)
 .text          0x000007ec        0x0 c:/winavr/bin/../lib/gcc/avr/4.3.2/avr5\libgcc.a(_copy_data.o)
 .text          0x000007ec        0x0 c:/winavr/bin/../lib/gcc/avr/4.3.2/avr5\libgcc.a(_clear_bss.o)
                0x000007ec                . = ALIGN (0x2)
 *(.text.*)
 .text.libgcc   0x000007ec        0x0 c:/winavr/bin/../lib/gcc/avr/4.3.2/avr5\libgcc.a(_exit.o)
 .text.libgcc   0x000007ec        0x0 c:/winavr/bin/../lib/gcc/avr/4.3.2/avr5\libgcc.a(_copy_data.o)
 .text.libgcc   0x000007ec        0x0 c:/winavr/bin/../lib/gcc/avr/4.3.2/avr5\libgcc.a(_clear_bss.o)
                0x000007ec                . = ALIGN (0x2)
 *(.fini9)
 .fini9         0x000007ec        0x0 c:/winavr/bin/../lib/gcc/avr/4.3.2/avr5\libgcc.a(_exit.o)
                0x000007ec                exit
                0x000007ec                _exit
 *(.fini9)
 *(.fini8)
 *(.fini8)
 *(.fini7)
 *(.fini7)
 *(.fini6)
 *(.fini6)
 *(.fini5)
 *(.fini5)
 *(.fini4)
 *(.fini4)
 *(.fini3)
 *(.fini3)
 *(.fini2)
 *(.fini2)
 *(.fini1)
 *(.fini1)
 *(.fini0)
 .fini0         0x000007ec        0x4 c:/winavr/bin/../lib/gcc/avr/4.3.2/avr5\libgcc.a(_exit.o)
 *(.fini0)
                0x000007f0                _etext = .

.data           0x00800060        0x6 load address 0x000007f0
                0x00800060                PROVIDE (__data_start, .)
 *(.data)
 .data          0x00800060        0x0 c:/winavr/bin/../lib/gcc/avr/4.3.2/../../../../avr/lib/avr5/crtm16.o
 .data          0x00800060        0x0 GCC-RTOS.o
 .data          0x00800060        0x0 EERTOS.o
 .data          0x00800060        0x0 HAL.o
 .data          0x00800060        0x0 EERTOSHAL.o
 .data          0x00800060        0x6 IIC_ultimate.o
                0x00800060                MasterOutFunc
                0x00800064                ErrorOutFunc
                0x00800062                SlaveOutFunc
 .data          0x00800066        0x0 i2c_AT24C_EEP.o
 .data          0x00800066        0x0 c:/winavr/bin/../lib/gcc/avr/4.3.2/avr5\libgcc.a(_exit.o)
 .data          0x00800066        0x0 c:/winavr/bin/../lib/gcc/avr/4.3.2/avr5\libgcc.a(_copy_data.o)
 .data          0x00800066        0x0 c:/winavr/bin/../lib/gcc/avr/4.3.2/avr5\libgcc.a(_clear_bss.o)
 *(.data*)
 *(.rodata)
 *(.rodata*)
 *(.gnu.linkonce.d*)
                0x00800066                . = ALIGN (0x2)
                0x00800066                _edata = .
                0x00800066                PROVIDE (__data_end, .)

.bss            0x00800066       0xc9
                0x00800066                PROVIDE (__bss_start, .)
 *(.bss)
 .bss           0x00800066        0x0 c:/winavr/bin/../lib/gcc/avr/4.3.2/../../../../avr/lib/avr5/crtm16.o
 .bss           0x00800066        0x0 GCC-RTOS.o
 .bss           0x00800066       0xba EERTOS.o
 .bss           0x00800120        0x0 HAL.o
 .bss           0x00800120        0x0 EERTOSHAL.o
 .bss           0x00800120        0x0 IIC_ultimate.o
 .bss           0x00800120        0x0 i2c_AT24C_EEP.o
 .bss           0x00800120        0x0 c:/winavr/bin/../lib/gcc/avr/4.3.2/avr5\libgcc.a(_exit.o)
 .bss           0x00800120        0x0 c:/winavr/bin/../lib/gcc/avr/4.3.2/avr5\libgcc.a(_copy_data.o)
 .bss           0x00800120        0x0 c:/winavr/bin/../lib/gcc/avr/4.3.2/avr5\libgcc.a(_clear_bss.o)
 *(.bss*)
 *(COMMON)
 COMMON         0x00800120        0x1 GCC-RTOS.o
                0x00800120                UART_RX
 COMMON         0x00800121        0xe IIC_ultimate.o
                0x00800121                i2c_index
                0x00800122                i2c_Buffer
                0x00800125                i2c_SlaveAddress
                0x00800126                i2c_OutBuff
                0x00800127                i2c_PageAddrCount
                0x00800128                i2c_PageAddress
                0x0080012a                i2c_PageAddrIndex
                0x0080012b                i2c_ByteCount
                0x0080012c                i2c_SlaveIndex
                0x0080012d                i2c_InBuff
                0x0080012e                i2c_Do
                0x0080012f                PROVIDE (__bss_end, .)
                0x000007f0                __data_load_start = LOADADDR (.data)
                0x000007f6                __data_load_end = (__data_load_start + SIZEOF (.data))

.noinit         0x0080012f        0x0
                0x0080012f                PROVIDE (__noinit_start, .)
 *(.noinit*)
                0x0080012f                PROVIDE (__noinit_end, .)
                0x0080012f                _end = .
                0x0080012f                PROVIDE (__heap_start, .)

.eeprom         0x00810000        0x0
 *(.eeprom*)
                0x00810000                __eeprom_end = .

.fuse
 *(.fuse)
 *(.lfuse)
 *(.hfuse)
 *(.efuse)

.lock
 *(.lock*)

.signature
 *(.signature*)

.stab
 *(.stab)

.stabstr
 *(.stabstr)

.stab.excl
 *(.stab.excl)

.stab.exclstr
 *(.stab.exclstr)

.stab.index
 *(.stab.index)

.stab.indexstr
 *(.stab.indexstr)

.comment
 *(.comment)

.debug
 *(.debug)

.line
 *(.line)

.debug_srcinfo
 *(.debug_srcinfo)

.debug_sfnames
 *(.debug_sfnames)

.debug_aranges  0x00000000       0xc0
 *(.debug_aranges)
 .debug_aranges
                0x00000000       0x20 GCC-RTOS.o
 .debug_aranges
                0x00000020       0x20 EERTOS.o
 .debug_aranges
                0x00000040       0x20 HAL.o
 .debug_aranges
                0x00000060       0x20 EERTOSHAL.o
 .debug_aranges
                0x00000080       0x20 IIC_ultimate.o
 .debug_aranges
                0x000000a0       0x20 i2c_AT24C_EEP.o

.debug_pubnames
                0x00000000      0x2c7
 *(.debug_pubnames)
 .debug_pubnames
                0x00000000       0xa3 GCC-RTOS.o
 .debug_pubnames
                0x000000a3       0x66 EERTOS.o
 .debug_pubnames
                0x00000109       0x1e HAL.o
 .debug_pubnames
                0x00000127       0x1e EERTOSHAL.o
 .debug_pubnames
                0x00000145      0x145 IIC_ultimate.o
 .debug_pubnames
                0x0000028a       0x3d i2c_AT24C_EEP.o

.debug_info     0x00000000      0x9dd
 *(.debug_info)
 .debug_info    0x00000000      0x269 GCC-RTOS.o
 .debug_info    0x00000269      0x23d EERTOS.o
 .debug_info    0x000004a6       0x8a HAL.o
 .debug_info    0x00000530       0x8a EERTOSHAL.o
 .debug_info    0x000005ba      0x228 IIC_ultimate.o
 .debug_info    0x000007e2      0x1fb i2c_AT24C_EEP.o
 *(.gnu.linkonce.wi.*)

.debug_abbrev   0x00000000      0x430
 *(.debug_abbrev)
 .debug_abbrev  0x00000000      0x110 GCC-RTOS.o
 .debug_abbrev  0x00000110      0x109 EERTOS.o
 .debug_abbrev  0x00000219       0x48 HAL.o
 .debug_abbrev  0x00000261       0x48 EERTOSHAL.o
 .debug_abbrev  0x000002a9       0xd0 IIC_ultimate.o
 .debug_abbrev  0x00000379       0xb7 i2c_AT24C_EEP.o

.debug_line     0x00000000      0xa46
 *(.debug_line)
 .debug_line    0x00000000      0x28a GCC-RTOS.o
 .debug_line    0x0000028a      0x21d EERTOS.o
 .debug_line    0x000004a7       0x95 HAL.o
 .debug_line    0x0000053c       0x8b EERTOSHAL.o
 .debug_line    0x000005c7      0x30f IIC_ultimate.o
 .debug_line    0x000008d6      0x170 i2c_AT24C_EEP.o

.debug_frame    0x00000000      0x1c0
 *(.debug_frame)
 .debug_frame   0x00000000       0x90 GCC-RTOS.o
 .debug_frame   0x00000090       0x70 EERTOS.o
 .debug_frame   0x00000100       0x20 HAL.o
 .debug_frame   0x00000120       0x20 EERTOSHAL.o
 .debug_frame   0x00000140       0x50 IIC_ultimate.o
 .debug_frame   0x00000190       0x30 i2c_AT24C_EEP.o

.debug_str      0x00000000      0x33e
 *(.debug_str)
 .debug_str     0x00000000      0x1a5 GCC-RTOS.o
                                0x1de (size before relaxing)
 .debug_str     0x000001a5       0x87 EERTOS.o
                                0x14b (size before relaxing)
 .debug_str     0x0000022c       0x11 HAL.o
                                 0xca (size before relaxing)
 .debug_str     0x0000023d       0x17 EERTOSHAL.o
                                 0xd0 (size before relaxing)
 .debug_str     0x00000254       0x9c IIC_ultimate.o
                                0x1c1 (size before relaxing)
 .debug_str     0x000002f0       0x4e i2c_AT24C_EEP.o
                                0x1a1 (size before relaxing)

.debug_loc      0x00000000      0x110
 *(.debug_loc)
 .debug_loc     0x00000000       0x18 GCC-RTOS.o
 .debug_loc     0x00000018       0xa4 EERTOS.o
 .debug_loc     0x000000bc       0x18 IIC_ultimate.o
 .debug_loc     0x000000d4       0x3c i2c_AT24C_EEP.o

.debug_macinfo
 *(.debug_macinfo)
OUTPUT(GCC-RTOS.elf elf32-avr)
LOAD linker stubs
