RAM Allocation
Variable                                                          Address   Size
--------------------------------------------------------------------------------
__ds1820_scratch_pad                                              0x042B       9
saved_state                                                       0x0434       1
g_tcf                                                             0x0435       2
U1_in_buf_flag                                                    0x0437       1
symbol                                                            0x0438       1
v_u32_SYS_TICK                                                    0x0439       4
v_u8_SYS_TICK_TMP1                                                0x043D       1
v_u32_TX_CNT                                                      0x043E       4
v_u32_RX_CNT                                                      0x0442       4
v_u16_TIM_1_OVR_FLAG                                              0x0446       2
RAM_settings                                                      0x0448      12
timers_cnt_tail                                                   0x0454       1
WorkLog                                                           0x0455     512
LogIndex                                                          0x0655       2
lcd_buf                                                           0x0657      15
temp_control                                                      0x0666       1
bias                                                              0x0667       1
Vop                                                               0x0668       1
disp_config                                                       0x0669       1
LcdCache                                                          0x066A     504
LcdCacheIdx                                                       0x0862       2
Usart0_TX_buf                                                     0x0864     256
Usart0_txBufTail                                                  0x0964       2
Usart0_txBufHead                                                  0x0966       2
Usart1_TX_buf                                                     0x0968     256
Usart1_txBufTail                                                  0x0A68       2
Usart1_txBufHead                                                  0x0A6A       2
Usart0_RX_buf                                                     0x0A6C     256
Usart0_rxBufTail                                                  0x0B6C       2
Usart0_rxBufHead                                                  0x0B6E       2
Usart0_rxCount                                                    0x0B70       2
Usart1_RX_buf                                                     0x0B72     256
Usart1_rxBufTail                                                  0x0C72       2
Usart1_rxBufHead                                                  0x0C74       2
Usart1_rxCount                                                    0x0C76       2
buf                                                               0x0C78     128
argv                                                              0x0CF8      20
argc                                                              0x0D0C       1
i                                                                 0x0D0D       1
devider_f                                                         0x0D0E       1
Spi0_TX_buf                                                       0x0D0F      64
Spi0_txBufTail                                                    0x0D4F       2
Spi0_txBufHead                                                    0x0D51       2
Spi0_RX_buf                                                       0x0D53      64
adc_result                                                        0x0D93       2
vref                                                              0x0D95       2
volt                                                              0x0D97       2
delta                                                             0x0D99       2
adc_tmp                                                           0x0D9B       2
d                                                                 0x0D9D       2
avcc                                                              0x0D9F       2
adc_calib_cnt                                                     0x0DA1       2
rtc                                                               0x0DA3       4
MasterOutFunc                                                     0x0DA7       2
SlaveOutFunc                                                      0x0DA9       2
ErrorOutFunc                                                      0x0DAB       2
i2c_Do                                                            0x0DAD       1
i2c_InBuff                                                        0x0DAE       1
i2c_OutBuff                                                       0x0DAF       1
i2c_SlaveIndex                                                    0x0DB0       1
i2c_Buffer                                                        0x0DB1       3
i2c_index                                                         0x0DB4       1
i2c_ByteCount                                                     0x0DB5       1
i2c_SlaveAddress                                                  0x0DB6       1
i2c_PageAddress                                                   0x0DB7       2
i2c_PageAddrIndex                                                 0x0DB9       1
i2c_PageAddrCount                                                 0x0DBA       1
TTask                                                             0x0DBB     273
coins                                                             0x0ECC       1
DeadTask_prev                                                     0x0ECD       2
DeadTask_curr                                                     0x0ECF       2
Timeout_delay                                                     0x0ED1       2
_seed                                                             0x0ED3       4

EEPROM Allocation
Variable                                                          Address   Size
--------------------------------------------------------------------------------
null_ee                                                           0x0000       1
EE_settings                                                       0x0001      12

Register Allocation
Variable                                                          Register  Size
--------------------------------------------------------------------------------
power_down                                                        R2.1      1bit
addressing                                                        R2.2      1bit
InfiniteLoopFlag                                                  R2.0      1bit
suspect_flag                                                      R2.3      1bit
