RAM Allocation
Variable                                                          Address   Size
--------------------------------------------------------------------------------
__ds1820_scratch_pad                                              0x043E       9
saved_state                                                       0x0447       1
U1_in_buf_flag                                                    0x0448       1
symbol                                                            0x0449       1
v_u32_SYS_TICK                                                    0x044A       4
v_u32_TX_CNT                                                      0x044E       4
v_u32_RX_CNT                                                      0x0452       4
RAM_settings                                                      0x0456      12
WorkLog                                                           0x0462     512
LogIndex                                                          0x0662       2
lcd_buf                                                           0x0664      15
LcdCache                                                          0x0673     504
Usart0_TX_buf                                                     0x086B     512
Usart0_txBufTail                                                  0x0A6B       2
Usart0_txBufHead                                                  0x0A6D       2
Usart1_TX_buf                                                     0x0A6F     512
Usart1_txBufTail                                                  0x0C6F       2
Usart1_txBufHead                                                  0x0C71       2
Usart0_RX_buf                                                     0x0C73     256
Usart0_rxBufTail                                                  0x0D73       2
Usart0_rxBufHead                                                  0x0D75       2
Usart0_rxCount                                                    0x0D77       2
Usart1_RX_buf                                                     0x0D79     256
Usart1_rxBufTail                                                  0x0E79       2
Usart1_rxBufHead                                                  0x0E7B       2
Usart1_rxCount                                                    0x0E7D       2
buf                                                               0x0E7F     128
argv                                                              0x0EFF      20
Spi0_TX_buf                                                       0x0F13      64
Spi0_txBufTail                                                    0x0F53       2
Spi0_txBufHead                                                    0x0F55       2
Spi0_RX_buf                                                       0x0F57      64
adc_result                                                        0x0F97       2
vref                                                              0x0F99       2
volt                                                              0x0F9B       2
delta                                                             0x0F9D       2
adc_tmp                                                           0x0F9F       2
d                                                                 0x0FA1       2
avcc                                                              0x0FA3       2
adc_calib_cnt                                                     0x0FA5       2
rtc                                                               0x0FA7       4
MasterOutFunc                                                     0x0FAB       2
SlaveOutFunc                                                      0x0FAD       2
ErrorOutFunc                                                      0x0FAF       2
i2c_Do                                                            0x0FB1       1
i2c_InBuff                                                        0x0FB2       1
i2c_OutBuff                                                       0x0FB3       1
i2c_SlaveIndex                                                    0x0FB4       1
i2c_Buffer                                                        0x0FB5       3
i2c_index                                                         0x0FB8       1
i2c_ByteCount                                                     0x0FB9       1
i2c_SlaveAddress                                                  0x0FBA       1
i2c_PageAddress                                                   0x0FBB       2
i2c_PageAddrIndex                                                 0x0FBD       1
i2c_PageAddrCount                                                 0x0FBE       1
MainTimer                                                         0x0FBF     124
_seed                                                             0x103B       4

EEPROM Allocation
Variable                                                          Address   Size
--------------------------------------------------------------------------------
EE_settings                                                       0x0000      12

Register Allocation
Variable                                                          Register  Size
--------------------------------------------------------------------------------
power_down                                                        R2.0      1bit
addressing                                                        R2.1      1bit
temp_control                                                      R4           1
bias                                                              R3           1
Vop                                                               R6           1
disp_config                                                       R5           1
LcdCacheIdx                                                       R7,R8        2
argc                                                              R10          1
i                                                                 R9           1
devider_f                                                         R12          1
TX_flag                                                           R11          1
RX_flag                                                           R14          1
